../Core/Src/main.c:122:5:main	8	static
../Core/Src/main.c:214:6:SystemClock_Config	88	static
../Core/Src/main.c:261:13:MX_TIM5_Init	48	static
../Core/Src/main.c:326:13:MX_USART6_UART_Init	8	static
../Core/Src/main.c:357:13:MX_DMA_Init	16	static
../Core/Src/main.c:379:13:MX_GPIO_Init	40	static
../Core/Src/main.c:403:6:prepare_bdshot_buffer	32	static
../Core/Src/main.c:426:10:bdshot_crc	24	static
../Core/Src/main.c:433:10:make_bdshot_frame	24	static
../Core/Src/main.c:440:6:queue_bdshot_pulse	24	static
../Core/Src/main.c:445:6:send_bdshot	16	static
../Core/Src/main.c:453:6:check_bdshot_crc	24	static
../Core/Src/main.c:469:10:decode_eRPM	32	static
../Core/Src/main.c:491:10:us_to_ticks	24	static
../Core/Src/main.c:496:5:_write	152	static
../Core/Src/main.c:524:6:HAL_UART_RxCpltCallback	152	static
../Core/Src/main.c:554:6:StartDefaultTask	16	static
../Core/Src/main.c:572:6:DShotTask	16	static
../Core/Src/main.c:602:6:StartSerialTask	144	static
../Core/Src/main.c:653:6:HAL_TIM_PeriodElapsedCallback	16	static
../Core/Src/main.c:671:6:Error_Handler	4	static,ignoring_inline_asm
